Archive member included to satisfy reference by file (symbol)

/usr/local/Cellar/arm-none-eabi-gcc/8-2018-q4-major/gcc/bin/../lib/gcc/arm-none-eabi/8.2.1/thumb/v7e-m/nofp/libgcc.a(_arm_addsubsf3.o)
                              CMakeFiles/st_nucleo_h743zi.elf.dir/Drivers/STM32H7xx_HAL_Driver/Src/stm32h7xx_hal_rcc.c.obj (__aeabi_fadd)
/usr/local/Cellar/arm-none-eabi-gcc/8-2018-q4-major/gcc/bin/../lib/gcc/arm-none-eabi/8.2.1/thumb/v7e-m/nofp/libgcc.a(_arm_muldivsf3.o)
                              CMakeFiles/st_nucleo_h743zi.elf.dir/Drivers/STM32H7xx_HAL_Driver/Src/stm32h7xx_hal_rcc.c.obj (__aeabi_fmul)
/usr/local/Cellar/arm-none-eabi-gcc/8-2018-q4-major/gcc/bin/../lib/gcc/arm-none-eabi/8.2.1/thumb/v7e-m/nofp/libgcc.a(_arm_fixunssfsi.o)
                              CMakeFiles/st_nucleo_h743zi.elf.dir/Drivers/STM32H7xx_HAL_Driver/Src/stm32h7xx_hal_rcc.c.obj (__aeabi_f2uiz)
/usr/local/Cellar/arm-none-eabi-gcc/8-2018-q4-major/gcc/bin/../lib/gcc/arm-none-eabi/8.2.1/thumb/v7e-m/nofp/libgcc.a(_aeabi_uldivmod.o)
                              CMakeFiles/st_nucleo_h743zi.elf.dir/Drivers/STM32H7xx_HAL_Driver/Src/stm32h7xx_hal_uart.c.obj (__aeabi_uldivmod)
/usr/local/Cellar/arm-none-eabi-gcc/8-2018-q4-major/gcc/bin/../lib/gcc/arm-none-eabi/8.2.1/thumb/v7e-m/nofp/libgcc.a(_udivmoddi4.o)
                              /usr/local/Cellar/arm-none-eabi-gcc/8-2018-q4-major/gcc/bin/../lib/gcc/arm-none-eabi/8.2.1/thumb/v7e-m/nofp/libgcc.a(_aeabi_uldivmod.o) (__udivmoddi4)
/usr/local/Cellar/arm-none-eabi-gcc/8-2018-q4-major/gcc/bin/../lib/gcc/arm-none-eabi/8.2.1/thumb/v7e-m/nofp/libgcc.a(_dvmd_tls.o)
                              /usr/local/Cellar/arm-none-eabi-gcc/8-2018-q4-major/gcc/bin/../lib/gcc/arm-none-eabi/8.2.1/thumb/v7e-m/nofp/libgcc.a(_aeabi_uldivmod.o) (__aeabi_ldiv0)
/usr/local/Cellar/arm-none-eabi-gcc/8-2018-q4-major/gcc/bin/../lib/gcc/arm-none-eabi/8.2.1/../../../../arm-none-eabi/lib/thumb/v7e-m/nofp/libg_nano.a(lib_a-exit.o)
                              /usr/local/Cellar/arm-none-eabi-gcc/8-2018-q4-major/gcc/bin/../lib/gcc/arm-none-eabi/8.2.1/../../../../arm-none-eabi/lib/thumb/v7e-m/nofp/crt0.o (exit)
/usr/local/Cellar/arm-none-eabi-gcc/8-2018-q4-major/gcc/bin/../lib/gcc/arm-none-eabi/8.2.1/../../../../arm-none-eabi/lib/thumb/v7e-m/nofp/libg_nano.a(lib_a-impure.o)
                              /usr/local/Cellar/arm-none-eabi-gcc/8-2018-q4-major/gcc/bin/../lib/gcc/arm-none-eabi/8.2.1/../../../../arm-none-eabi/lib/thumb/v7e-m/nofp/libg_nano.a(lib_a-exit.o) (_global_impure_ptr)
/usr/local/Cellar/arm-none-eabi-gcc/8-2018-q4-major/gcc/bin/../lib/gcc/arm-none-eabi/8.2.1/../../../../arm-none-eabi/lib/thumb/v7e-m/nofp/libg_nano.a(lib_a-init.o)
                              /usr/local/Cellar/arm-none-eabi-gcc/8-2018-q4-major/gcc/bin/../lib/gcc/arm-none-eabi/8.2.1/../../../../arm-none-eabi/lib/thumb/v7e-m/nofp/crt0.o (__libc_init_array)
/usr/local/Cellar/arm-none-eabi-gcc/8-2018-q4-major/gcc/bin/../lib/gcc/arm-none-eabi/8.2.1/../../../../arm-none-eabi/lib/thumb/v7e-m/nofp/libg_nano.a(lib_a-memset.o)
                              /usr/local/Cellar/arm-none-eabi-gcc/8-2018-q4-major/gcc/bin/../lib/gcc/arm-none-eabi/8.2.1/../../../../arm-none-eabi/lib/thumb/v7e-m/nofp/crt0.o (memset)
/usr/local/Cellar/arm-none-eabi-gcc/8-2018-q4-major/gcc/bin/../lib/gcc/arm-none-eabi/8.2.1/../../../../arm-none-eabi/lib/thumb/v7e-m/nofp/libnosys.a(_exit.o)
                              /usr/local/Cellar/arm-none-eabi-gcc/8-2018-q4-major/gcc/bin/../lib/gcc/arm-none-eabi/8.2.1/../../../../arm-none-eabi/lib/thumb/v7e-m/nofp/libg_nano.a(lib_a-exit.o) (_exit)

Discarded input sections

 .text          0x0000000000000000        0x0 /usr/local/Cellar/arm-none-eabi-gcc/8-2018-q4-major/gcc/bin/../lib/gcc/arm-none-eabi/8.2.1/thumb/v7e-m/nofp/crti.o
 .data          0x0000000000000000        0x0 /usr/local/Cellar/arm-none-eabi-gcc/8-2018-q4-major/gcc/bin/../lib/gcc/arm-none-eabi/8.2.1/thumb/v7e-m/nofp/crti.o
 .bss           0x0000000000000000        0x0 /usr/local/Cellar/arm-none-eabi-gcc/8-2018-q4-major/gcc/bin/../lib/gcc/arm-none-eabi/8.2.1/thumb/v7e-m/nofp/crti.o
 .data          0x0000000000000000        0x4 /usr/local/Cellar/arm-none-eabi-gcc/8-2018-q4-major/gcc/bin/../lib/gcc/arm-none-eabi/8.2.1/thumb/v7e-m/nofp/crtbegin.o
 .text          0x0000000000000000       0x74 /usr/local/Cellar/arm-none-eabi-gcc/8-2018-q4-major/gcc/bin/../lib/gcc/arm-none-eabi/8.2.1/../../../../arm-none-eabi/lib/thumb/v7e-m/nofp/crt0.o
 .data          0x0000000000000000        0x0 /usr/local/Cellar/arm-none-eabi-gcc/8-2018-q4-major/gcc/bin/../lib/gcc/arm-none-eabi/8.2.1/../../../../arm-none-eabi/lib/thumb/v7e-m/nofp/crt0.o
 .bss           0x0000000000000000        0x0 /usr/local/Cellar/arm-none-eabi-gcc/8-2018-q4-major/gcc/bin/../lib/gcc/arm-none-eabi/8.2.1/../../../../arm-none-eabi/lib/thumb/v7e-m/nofp/crt0.o
[...]
Memory Configuration

Name             Origin             Length             Attributes
DTCMRAM          0x0000000020000000 0x0000000000020000 xrw
RAM_D1           0x0000000024000000 0x0000000000080000 xrw
RAM_D2           0x0000000030000000 0x0000000000048000 xrw
RAM_D3           0x0000000038000000 0x0000000000010000 xrw
ITCMRAM          0x0000000000000000 0x0000000000010000 xrw
FLASH            0x0000000008000000 0x0000000000200000 xr
*default*        0x0000000000000000 0xffffffffffffffff

Linker script and memory map

LOAD /usr/local/Cellar/arm-none-eabi-gcc/8-2018-q4-major/gcc/bin/../lib/gcc/arm-none-eabi/8.2.1/thumb/v7e-m/nofp/crti.o
LOAD /usr/local/Cellar/arm-none-eabi-gcc/8-2018-q4-major/gcc/bin/../lib/gcc/arm-none-eabi/8.2.1/thumb/v7e-m/nofp/crtbegin.o
LOAD /usr/local/Cellar/arm-none-eabi-gcc/8-2018-q4-major/gcc/bin/../lib/gcc/arm-none-eabi/8.2.1/../../../../arm-none-eabi/lib/thumb/v7e-m/nofp/crt0.o
LOAD CMakeFiles/st_nucleo_h743zi.elf.dir/Drivers/STM32H7xx_HAL_Driver/Src/stm32h7xx_hal.c.obj
LOAD CMakeFiles/st_nucleo_h743zi.elf.dir/Drivers/STM32H7xx_HAL_Driver/Src/stm32h7xx_hal_cortex.c.obj
LOAD CMakeFiles/st_nucleo_h743zi.elf.dir/Drivers/STM32H7xx_HAL_Driver/Src/stm32h7xx_hal_dma.c.obj
LOAD CMakeFiles/st_nucleo_h743zi.elf.dir/Drivers/STM32H7xx_HAL_Driver/Src/stm32h7xx_hal_dma_ex.c.obj
LOAD CMakeFiles/st_nucleo_h743zi.elf.dir/Drivers/STM32H7xx_HAL_Driver/Src/stm32h7xx_hal_eth.c.obj
LOAD CMakeFiles/st_nucleo_h743zi.elf.dir/Drivers/STM32H7xx_HAL_Driver/Src/stm32h7xx_hal_flash.c.obj
LOAD CMakeFiles/st_nucleo_h743zi.elf.dir/Drivers/STM32H7xx_HAL_Driver/Src/stm32h7xx_hal_flash_ex.c.obj
LOAD CMakeFiles/st_nucleo_h743zi.elf.dir/Drivers/STM32H7xx_HAL_Driver/Src/stm32h7xx_hal_gpio.c.obj
LOAD CMakeFiles/st_nucleo_h743zi.elf.dir/Drivers/STM32H7xx_HAL_Driver/Src/stm32h7xx_hal_hsem.c.obj
LOAD CMakeFiles/st_nucleo_h743zi.elf.dir/Drivers/STM32H7xx_HAL_Driver/Src/stm32h7xx_hal_i2c.c.obj
LOAD CMakeFiles/st_nucleo_h743zi.elf.dir/Drivers/STM32H7xx_HAL_Driver/Src/stm32h7xx_hal_i2c_ex.c.obj
LOAD CMakeFiles/st_nucleo_h743zi.elf.dir/Drivers/STM32H7xx_HAL_Driver/Src/stm32h7xx_hal_mdma.c.obj
LOAD CMakeFiles/st_nucleo_h743zi.elf.dir/Drivers/STM32H7xx_HAL_Driver/Src/stm32h7xx_hal_pwr.c.obj
LOAD CMakeFiles/st_nucleo_h743zi.elf.dir/Drivers/STM32H7xx_HAL_Driver/Src/stm32h7xx_hal_pwr_ex.c.obj
LOAD CMakeFiles/st_nucleo_h743zi.elf.dir/Drivers/STM32H7xx_HAL_Driver/Src/stm32h7xx_hal_rcc.c.obj
LOAD CMakeFiles/st_nucleo_h743zi.elf.dir/Drivers/STM32H7xx_HAL_Driver/Src/stm32h7xx_hal_rcc_ex.c.obj
LOAD CMakeFiles/st_nucleo_h743zi.elf.dir/Drivers/STM32H7xx_HAL_Driver/Src/stm32h7xx_hal_tim.c.obj
LOAD CMakeFiles/st_nucleo_h743zi.elf.dir/Drivers/STM32H7xx_HAL_Driver/Src/stm32h7xx_hal_tim_ex.c.obj
LOAD CMakeFiles/st_nucleo_h743zi.elf.dir/Drivers/STM32H7xx_HAL_Driver/Src/stm32h7xx_hal_uart.c.obj
LOAD CMakeFiles/st_nucleo_h743zi.elf.dir/Drivers/STM32H7xx_HAL_Driver/Src/stm32h7xx_hal_uart_ex.c.obj
LOAD CMakeFiles/st_nucleo_h743zi.elf.dir/Src/main.c.obj
LOAD CMakeFiles/st_nucleo_h743zi.elf.dir/Src/stm32h7xx_hal_msp.c.obj
LOAD CMakeFiles/st_nucleo_h743zi.elf.dir/Src/stm32h7xx_it.c.obj
LOAD CMakeFiles/st_nucleo_h743zi.elf.dir/Src/system_stm32h7xx.c.obj
LOAD CMakeFiles/st_nucleo_h743zi.elf.dir/startup/startup_stm32h743xx.s.obj
START GROUP
LOAD /usr/local/Cellar/arm-none-eabi-gcc/8-2018-q4-major/gcc/bin/../lib/gcc/arm-none-eabi/8.2.1/thumb/v7e-m/nofp/libgcc.a
LOAD /usr/local/Cellar/arm-none-eabi-gcc/8-2018-q4-major/gcc/bin/../lib/gcc/arm-none-eabi/8.2.1/../../../../arm-none-eabi/lib/thumb/v7e-m/nofp/libg_nano.a
LOAD /usr/local/Cellar/arm-none-eabi-gcc/8-2018-q4-major/gcc/bin/../lib/gcc/arm-none-eabi/8.2.1/../../../../arm-none-eabi/lib/thumb/v7e-m/nofp/libc_nano.a
END GROUP
START GROUP
LOAD /usr/local/Cellar/arm-none-eabi-gcc/8-2018-q4-major/gcc/bin/../lib/gcc/arm-none-eabi/8.2.1/thumb/v7e-m/nofp/libgcc.a
LOAD /usr/local/Cellar/arm-none-eabi-gcc/8-2018-q4-major/gcc/bin/../lib/gcc/arm-none-eabi/8.2.1/../../../../arm-none-eabi/lib/thumb/v7e-m/nofp/libc_nano.a
LOAD /usr/local/Cellar/arm-none-eabi-gcc/8-2018-q4-major/gcc/bin/../lib/gcc/arm-none-eabi/8.2.1/../../../../arm-none-eabi/lib/thumb/v7e-m/nofp/libnosys.a
END GROUP
START GROUP
LOAD /usr/local/Cellar/arm-none-eabi-gcc/8-2018-q4-major/gcc/bin/../lib/gcc/arm-none-eabi/8.2.1/thumb/v7e-m/nofp/libgcc.a
LOAD /usr/local/Cellar/arm-none-eabi-gcc/8-2018-q4-major/gcc/bin/../lib/gcc/arm-none-eabi/8.2.1/../../../../arm-none-eabi/lib/thumb/v7e-m/nofp/libc_nano.a
LOAD /usr/local/Cellar/arm-none-eabi-gcc/8-2018-q4-major/gcc/bin/../lib/gcc/arm-none-eabi/8.2.1/../../../../arm-none-eabi/lib/thumb/v7e-m/nofp/libnosys.a
END GROUP
LOAD /usr/local/Cellar/arm-none-eabi-gcc/8-2018-q4-major/gcc/bin/../lib/gcc/arm-none-eabi/8.2.1/thumb/v7e-m/nofp/crtend.o
LOAD /usr/local/Cellar/arm-none-eabi-gcc/8-2018-q4-major/gcc/bin/../lib/gcc/arm-none-eabi/8.2.1/thumb/v7e-m/nofp/crtn.o
                0x0000000020020000                _estack = 0x20020000
                0x0000000000000200                _Min_Heap_Size = 0x200
                0x0000000000000400                _Min_Stack_Size = 0x400

.isr_vector     0x0000000008000000      0x298
                0x0000000008000000                . = ALIGN (0x4)
 *(.isr_vector)
 .isr_vector    0x0000000008000000      0x298 CMakeFiles/st_nucleo_h743zi.elf.dir/startup/startup_stm32h743xx.s.obj
                0x0000000008000000                g_pfnVectors
                0x0000000008000298                . = ALIGN (0x4)

.text           0x0000000008000298     0x58d8
                0x0000000008000298                . = ALIGN (0x4)
 *(.text)
 .text          0x0000000008000298       0x40 /usr/local/Cellar/arm-none-eabi-gcc/8-2018-q4-major/gcc/bin/../lib/gcc/arm-none-eabi/8.2.1/thumb/v7e-m/nofp/crtbegin.o
 .text          0x00000000080002d8      0x21c /usr/local/Cellar/arm-none-eabi-gcc/8-2018-q4-major/gcc/bin/../lib/gcc/arm-none-eabi/8.2.1/thumb/v7e-m/nofp/libgcc.a(_arm_addsubsf3.o)
                0x00000000080002d8                __aeabi_frsub
                0x00000000080002e0                __aeabi_fsub
                0x00000000080002e0                __subsf3
                0x00000000080002e4                __aeabi_fadd
                0x00000000080002e4                __addsf3
                0x0000000008000444                __aeabi_ui2f
                0x0000000008000444                __floatunsisf
                0x000000000800044c                __floatsisf
                0x000000000800044c                __aeabi_i2f
                0x0000000008000468                __aeabi_ul2f
                0x0000000008000468                __floatundisf
                0x0000000008000478                __aeabi_l2f
                0x0000000008000478                __floatdisf
 .text          0x00000000080004f4      0x2a0 /usr/local/Cellar/arm-none-eabi-gcc/8-2018-q4-major/gcc/bin/../lib/gcc/arm-none-eabi/8.2.1/thumb/v7e-m/nofp/libgcc.a(_arm_muldivsf3.o)
                0x00000000080004f4                __mulsf3
                0x00000000080004f4                __aeabi_fmul
                0x000000000800065c                __divsf3
                0x000000000800065c                __aeabi_fdiv
 .text          0x0000000008000794       0x40 /usr/local/Cellar/arm-none-eabi-gcc/8-2018-q4-major/gcc/bin/../lib/gcc/arm-none-eabi/8.2.1/thumb/v7e-m/nofp/libgcc.a(_arm_fixunssfsi.o)
                0x0000000008000794                __aeabi_f2uiz
                0x0000000008000794                __fixunssfsi
 .text          0x00000000080007d4       0x30 /usr/local/Cellar/arm-none-eabi-gcc/8-2018-q4-major/gcc/bin/../lib/gcc/arm-none-eabi/8.2.1/thumb/v7e-m/nofp/libgcc.a(_aeabi_uldivmod.o)
                0x00000000080007d4                __aeabi_uldivmod
 .text          0x0000000008000804      0x2d0 /usr/local/Cellar/arm-none-eabi-gcc/8-2018-q4-major/gcc/bin/../lib/gcc/arm-none-eabi/8.2.1/thumb/v7e-m/nofp/libgcc.a(_udivmoddi4.o)
                0x0000000008000804                __udivmoddi4
 .text          0x0000000008000ad4        0x4 /usr/local/Cellar/arm-none-eabi-gcc/8-2018-q4-major/gcc/bin/../lib/gcc/arm-none-eabi/8.2.1/thumb/v7e-m/nofp/libgcc.a(_dvmd_tls.o)
                0x0000000008000ad4                __aeabi_ldiv0
                0x0000000008000ad4                __aeabi_idiv0
 *(.text*)
 .text.HAL_Init
                0x0000000008000ad8       0x24 CMakeFiles/st_nucleo_h743zi.elf.dir/Drivers/STM32H7xx_HAL_Driver/Src/stm32h7xx_hal.c.obj
                0x0000000008000ad8                HAL_Init
 .text.HAL_InitTick
                0x0000000008000afc       0x60 CMakeFiles/st_nucleo_h743zi.elf.dir/Drivers/STM32H7xx_HAL_Driver/Src/stm32h7xx_hal.c.obj
                0x0000000008000afc                HAL_InitTick
 .text.HAL_IncTick
                0x0000000008000b5c       0x24 CMakeFiles/st_nucleo_h743zi.elf.dir/Drivers/STM32H7xx_HAL_Driver/Src/stm32h7xx_hal.c.obj
                0x0000000008000b5c                HAL_IncTick
 .text.HAL_GetTick
                0x0000000008000b80       0x14 CMakeFiles/st_nucleo_h743zi.elf.dir/Drivers/STM32H7xx_HAL_Driver/Src/stm32h7xx_hal.c.obj
                0x0000000008000b80                HAL_GetTick
 .text.HAL_Delay
                0x0000000008000b94       0x44 CMakeFiles/st_nucleo_h743zi.elf.dir/Drivers/STM32H7xx_HAL_Driver/Src/stm32h7xx_hal.c.obj
                0x0000000008000b94                HAL_Delay
 .text.HAL_SYSCFG_ETHInterfaceSelect
                0x0000000008000bd8       0x28 CMakeFiles/st_nucleo_h743zi.elf.dir/Drivers/STM32H7xx_HAL_Driver/Src/stm32h7xx_hal.c.obj
                0x0000000008000bd8                HAL_SYSCFG_ETHInterfaceSelect
 .text.__NVIC_SetPriorityGrouping
                0x0000000008000c00       0x48 CMakeFiles/st_nucleo_h743zi.elf.dir/Drivers/STM32H7xx_HAL_Driver/Src/stm32h7xx_hal_cortex.c.obj
 .text.__NVIC_GetPriorityGrouping
                0x0000000008000c48       0x1c CMakeFiles/st_nucleo_h743zi.elf.dir/Drivers/STM32H7xx_HAL_Driver/Src/stm32h7xx_hal_cortex.c.obj
 .text.__NVIC_SetPriority
                0x0000000008000c64       0x54 CMakeFiles/st_nucleo_h743zi.elf.dir/Drivers/STM32H7xx_HAL_Driver/Src/stm32h7xx_hal_cortex.c.obj
 .text.NVIC_EncodePriority
                0x0000000008000cb8       0x64 CMakeFiles/st_nucleo_h743zi.elf.dir/Drivers/STM32H7xx_HAL_Driver/Src/stm32h7xx_hal_cortex.c.obj
 .text.SysTick_Config
                0x0000000008000d1c       0x44 CMakeFiles/st_nucleo_h743zi.elf.dir/Drivers/STM32H7xx_HAL_Driver/Src/stm32h7xx_hal_cortex.c.obj
 .text.HAL_NVIC_SetPriorityGrouping
                0x0000000008000d60       0x16 CMakeFiles/st_nucleo_h743zi.elf.dir/Drivers/STM32H7xx_HAL_Driver/Src/stm32h7xx_hal_cortex.c.obj
                0x0000000008000d60                HAL_NVIC_SetPriorityGrouping
 .text.HAL_NVIC_SetPriority
                0x0000000008000d76       0x34 CMakeFiles/st_nucleo_h743zi.elf.dir/Drivers/STM32H7xx_HAL_Driver/Src/stm32h7xx_hal_cortex.c.obj
                0x0000000008000d76                HAL_NVIC_SetPriority
 .text.HAL_SYSTICK_Config
                0x0000000008000daa       0x18 CMakeFiles/st_nucleo_h743zi.elf.dir/Drivers/STM32H7xx_HAL_Driver/Src/stm32h7xx_hal_cortex.c.obj
                0x0000000008000daa                HAL_SYSTICK_Config
 *fill*         0x0000000008000dc2        0x2 
 .text.HAL_SYSTICK_CLKSourceConfig
                0x0000000008000dc4       0x38 CMakeFiles/st_nucleo_h743zi.elf.dir/Drivers/STM32H7xx_HAL_Driver/Src/stm32h7xx_hal_cortex.c.obj
                0x0000000008000dc4                HAL_SYSTICK_CLKSourceConfig
 .text.HAL_SYSTICK_IRQHandler
                0x0000000008000dfc        0xc CMakeFiles/st_nucleo_h743zi.elf.dir/Drivers/STM32H7xx_HAL_Driver/Src/stm32h7xx_hal_cortex.c.obj
                0x0000000008000dfc                HAL_SYSTICK_IRQHandler
 .text.HAL_SYSTICK_Callback
                0x0000000008000e08        0xc CMakeFiles/st_nucleo_h743zi.elf.dir/Drivers/STM32H7xx_HAL_Driver/Src/stm32h7xx_hal_cortex.c.obj
                0x0000000008000e08                HAL_SYSTICK_Callback
 .text.HAL_ETH_Init
                0x0000000008000e14      0x1c0 CMakeFiles/st_nucleo_h743zi.elf.dir/Drivers/STM32H7xx_HAL_Driver/Src/stm32h7xx_hal_eth.c.obj
                0x0000000008000e14                HAL_ETH_Init
 .text.ETH_SetMACConfig
                0x0000000008000fd4      0x23c CMakeFiles/st_nucleo_h743zi.elf.dir/Drivers/STM32H7xx_HAL_Driver/Src/stm32h7xx_hal_eth.c.obj
 .text.ETH_SetDMAConfig
                0x0000000008001210      0x110 CMakeFiles/st_nucleo_h743zi.elf.dir/Drivers/STM32H7xx_HAL_Driver/Src/stm32h7xx_hal_eth.c.obj
 .text.ETH_MACDMAConfig
                0x0000000008001320      0x13a CMakeFiles/st_nucleo_h743zi.elf.dir/Drivers/STM32H7xx_HAL_Driver/Src/stm32h7xx_hal_eth.c.obj
 *fill*         0x000000000800145a        0x2 
 .text.ETH_MAC_MDIO_ClkConfig
                0x000000000800145c       0xb0 CMakeFiles/st_nucleo_h743zi.elf.dir/Drivers/STM32H7xx_HAL_Driver/Src/stm32h7xx_hal_eth.c.obj
 .text.ETH_DMATxDescListInit
                0x000000000800150c       0xbc CMakeFiles/st_nucleo_h743zi.elf.dir/Drivers/STM32H7xx_HAL_Driver/Src/stm32h7xx_hal_eth.c.obj
 .text.ETH_DMARxDescListInit
                0x00000000080015c8      0x100 CMakeFiles/st_nucleo_h743zi.elf.dir/Drivers/STM32H7xx_HAL_Driver/Src/stm32h7xx_hal_eth.c.obj
 .text.HAL_GPIO_Init
                0x00000000080016c8      0x368 CMakeFiles/st_nucleo_h743zi.elf.dir/Drivers/STM32H7xx_HAL_Driver/Src/stm32h7xx_hal_gpio.c.obj
                0x00000000080016c8                HAL_GPIO_Init
 .text.HAL_GPIO_WritePin
                0x0000000008001a30       0x2e CMakeFiles/st_nucleo_h743zi.elf.dir/Drivers/STM32H7xx_HAL_Driver/Src/stm32h7xx_hal_gpio.c.obj
                0x0000000008001a30                HAL_GPIO_WritePin
 *fill*         0x0000000008001a5e        0x2 
 .text.HAL_RCC_OscConfig
                0x0000000008001a60      0x734 CMakeFiles/st_nucleo_h743zi.elf.dir/Drivers/STM32H7xx_HAL_Driver/Src/stm32h7xx_hal_rcc.c.obj
                0x0000000008001a60                HAL_RCC_OscConfig
 .text.HAL_RCC_ClockConfig
                0x0000000008002194      0x294 CMakeFiles/st_nucleo_h743zi.elf.dir/Drivers/STM32H7xx_HAL_Driver/Src/stm32h7xx_hal_rcc.c.obj
                0x0000000008002194                HAL_RCC_ClockConfig
 .text.HAL_RCC_GetSysClockFreq
                0x0000000008002428      0x328 CMakeFiles/st_nucleo_h743zi.elf.dir/Drivers/STM32H7xx_HAL_Driver/Src/stm32h7xx_hal_rcc.c.obj
                0x0000000008002428                HAL_RCC_GetSysClockFreq
 .text.HAL_RCC_GetHCLKFreq
                0x0000000008002750       0x50 CMakeFiles/st_nucleo_h743zi.elf.dir/Drivers/STM32H7xx_HAL_Driver/Src/stm32h7xx_hal_rcc.c.obj
                0x0000000008002750                HAL_RCC_GetHCLKFreq
 .text.HAL_RCC_GetPCLK1Freq
                0x00000000080027a0       0x44 CMakeFiles/st_nucleo_h743zi.elf.dir/Drivers/STM32H7xx_HAL_Driver/Src/stm32h7xx_hal_rcc.c.obj
                0x00000000080027a0                HAL_RCC_GetPCLK1Freq
 .text.HAL_RCC_GetPCLK2Freq
                0x00000000080027e4       0x44 CMakeFiles/st_nucleo_h743zi.elf.dir/Drivers/STM32H7xx_HAL_Driver/Src/stm32h7xx_hal_rcc.c.obj
                0x00000000080027e4                HAL_RCC_GetPCLK2Freq
 .text.HAL_RCCEx_PeriphCLKConfig
                0x0000000008002828      0xe38 CMakeFiles/st_nucleo_h743zi.elf.dir/Drivers/STM32H7xx_HAL_Driver/Src/stm32h7xx_hal_rcc_ex.c.obj
                0x0000000008002828                HAL_RCCEx_PeriphCLKConfig
 .text.HAL_RCCEx_GetD3PCLK1Freq
                0x0000000008003660       0x44 CMakeFiles/st_nucleo_h743zi.elf.dir/Drivers/STM32H7xx_HAL_Driver/Src/stm32h7xx_hal_rcc_ex.c.obj
                0x0000000008003660                HAL_RCCEx_GetD3PCLK1Freq
 .text.HAL_RCCEx_GetPLL2ClockFreq
                0x00000000080036a4      0x2b8 CMakeFiles/st_nucleo_h743zi.elf.dir/Drivers/STM32H7xx_HAL_Driver/Src/stm32h7xx_hal_rcc_ex.c.obj
                0x00000000080036a4                HAL_RCCEx_GetPLL2ClockFreq
 .text.HAL_RCCEx_GetPLL3ClockFreq
                0x000000000800395c      0x2b8 CMakeFiles/st_nucleo_h743zi.elf.dir/Drivers/STM32H7xx_HAL_Driver/Src/stm32h7xx_hal_rcc_ex.c.obj
                0x000000000800395c                HAL_RCCEx_GetPLL3ClockFreq
 .text.HAL_RCCEx_GetD1SysClockFreq
                0x0000000008003c14       0x50 CMakeFiles/st_nucleo_h743zi.elf.dir/Drivers/STM32H7xx_HAL_Driver/Src/stm32h7xx_hal_rcc_ex.c.obj
                0x0000000008003c14                HAL_RCCEx_GetD1SysClockFreq
 .text.RCCEx_PLL2_Config
                0x0000000008003c64      0x134 CMakeFiles/st_nucleo_h743zi.elf.dir/Drivers/STM32H7xx_HAL_Driver/Src/stm32h7xx_hal_rcc_ex.c.obj
 .text.RCCEx_PLL3_Config
                0x0000000008003d98      0x134 CMakeFiles/st_nucleo_h743zi.elf.dir/Drivers/STM32H7xx_HAL_Driver/Src/stm32h7xx_hal_rcc_ex.c.obj
 .text.HAL_UART_Init
                0x0000000008003ecc       0xa2 CMakeFiles/st_nucleo_h743zi.elf.dir/Drivers/STM32H7xx_HAL_Driver/Src/stm32h7xx_hal_uart.c.obj
                0x0000000008003ecc                HAL_UART_Init
 .text.HAL_UART_Transmit
                0x0000000008003f6e      0x11a CMakeFiles/st_nucleo_h743zi.elf.dir/Drivers/STM32H7xx_HAL_Driver/Src/stm32h7xx_hal_uart.c.obj
                0x0000000008003f6e                HAL_UART_Transmit
 .text.UART_SetConfig
                0x0000000008004088      0xfb4 CMakeFiles/st_nucleo_h743zi.elf.dir/Drivers/STM32H7xx_HAL_Driver/Src/stm32h7xx_hal_uart.c.obj
                0x0000000008004088                UART_SetConfig
 .text.UART_AdvFeatureConfig
                0x000000000800503c      0x142 CMakeFiles/st_nucleo_h743zi.elf.dir/Drivers/STM32H7xx_HAL_Driver/Src/stm32h7xx_hal_uart.c.obj
                0x000000000800503c                UART_AdvFeatureConfig
 .text.UART_CheckIdleState
                0x000000000800517e       0x92 CMakeFiles/st_nucleo_h743zi.elf.dir/Drivers/STM32H7xx_HAL_Driver/Src/stm32h7xx_hal_uart.c.obj
                0x000000000800517e                UART_CheckIdleState
 .text.UART_WaitOnFlagUntilTimeout
                0x0000000008005210       0x94 CMakeFiles/st_nucleo_h743zi.elf.dir/Drivers/STM32H7xx_HAL_Driver/Src/stm32h7xx_hal_uart.c.obj
                0x0000000008005210                UART_WaitOnFlagUntilTimeout
 .text.main     0x00000000080052a4       0x3c CMakeFiles/st_nucleo_h743zi.elf.dir/Src/main.c.obj
                0x00000000080052a4                main
 .text.SystemClock_Config
                0x00000000080052e0      0x15c CMakeFiles/st_nucleo_h743zi.elf.dir/Src/main.c.obj
                0x00000000080052e0                SystemClock_Config
 .text.MX_ETH_Init
                0x000000000800543c       0x98 CMakeFiles/st_nucleo_h743zi.elf.dir/Src/main.c.obj
 .text.MX_UART4_Init
                0x00000000080054d4       0x80 CMakeFiles/st_nucleo_h743zi.elf.dir/Src/main.c.obj
 .text.MX_USART3_UART_Init
                0x0000000008005554       0x80 CMakeFiles/st_nucleo_h743zi.elf.dir/Src/main.c.obj
 .text.MX_GPIO_Init
                0x00000000080055d4      0x180 CMakeFiles/st_nucleo_h743zi.elf.dir/Src/main.c.obj
 .text._Error_Handler
                0x0000000008005754        0xc CMakeFiles/st_nucleo_h743zi.elf.dir/Src/main.c.obj
                0x0000000008005754                _Error_Handler
 .text.HAL_MspInit
                0x0000000008005760       0x8c CMakeFiles/st_nucleo_h743zi.elf.dir/Src/stm32h7xx_hal_msp.c.obj
                0x0000000008005760                HAL_MspInit
 .text.HAL_ETH_MspInit
                0x00000000080057ec      0x110 CMakeFiles/st_nucleo_h743zi.elf.dir/Src/stm32h7xx_hal_msp.c.obj
                0x00000000080057ec                HAL_ETH_MspInit
 .text.HAL_UART_MspInit
                0x00000000080058fc       0xbc CMakeFiles/st_nucleo_h743zi.elf.dir/Src/stm32h7xx_hal_msp.c.obj
                0x00000000080058fc                HAL_UART_MspInit
 .text.NMI_Handler
                0x00000000080059b8        0xc CMakeFiles/st_nucleo_h743zi.elf.dir/Src/stm32h7xx_it.c.obj
                0x00000000080059b8                NMI_Handler
 .text.HardFault_Handler
                0x00000000080059c4        0x6 CMakeFiles/st_nucleo_h743zi.elf.dir/Src/stm32h7xx_it.c.obj
                0x00000000080059c4                HardFault_Handler
 .text.MemManage_Handler
                0x00000000080059ca        0x6 CMakeFiles/st_nucleo_h743zi.elf.dir/Src/stm32h7xx_it.c.obj
                0x00000000080059ca                MemManage_Handler
 .text.BusFault_Handler
                0x00000000080059d0        0x6 CMakeFiles/st_nucleo_h743zi.elf.dir/Src/stm32h7xx_it.c.obj
                0x00000000080059d0                BusFault_Handler
 .text.UsageFault_Handler
                0x00000000080059d6        0x6 CMakeFiles/st_nucleo_h743zi.elf.dir/Src/stm32h7xx_it.c.obj
                0x00000000080059d6                UsageFault_Handler
 .text.SVC_Handler
                0x00000000080059dc        0xc CMakeFiles/st_nucleo_h743zi.elf.dir/Src/stm32h7xx_it.c.obj
                0x00000000080059dc                SVC_Handler
 .text.DebugMon_Handler
                0x00000000080059e8        0xc CMakeFiles/st_nucleo_h743zi.elf.dir/Src/stm32h7xx_it.c.obj
                0x00000000080059e8                DebugMon_Handler
 .text.PendSV_Handler
                0x00000000080059f4        0xc CMakeFiles/st_nucleo_h743zi.elf.dir/Src/stm32h7xx_it.c.obj
                0x00000000080059f4                PendSV_Handler
 .text.SysTick_Handler
                0x0000000008005a00       0x10 CMakeFiles/st_nucleo_h743zi.elf.dir/Src/stm32h7xx_it.c.obj
                0x0000000008005a00                SysTick_Handler
 .text.SystemInit
                0x0000000008005a10       0x9c CMakeFiles/st_nucleo_h743zi.elf.dir/Src/system_stm32h7xx.c.obj
                0x0000000008005a10                SystemInit
 .text.Reset_Handler
                0x0000000008005aac       0x50 CMakeFiles/st_nucleo_h743zi.elf.dir/startup/startup_stm32h743xx.s.obj
                0x0000000008005aac                Reset_Handler
 .text.Default_Handler
                0x0000000008005afc        0x2 CMakeFiles/st_nucleo_h743zi.elf.dir/startup/startup_stm32h743xx.s.obj
                0x0000000008005afc                DMA1_Stream3_IRQHandler
                0x0000000008005afc                EXTI2_IRQHandler
                0x0000000008005afc                TIM8_CC_IRQHandler
                0x0000000008005afc                HRTIM1_Master_IRQHandler
                0x0000000008005afc                UART8_IRQHandler
                0x0000000008005afc                SPI4_IRQHandler
                0x0000000008005afc                TIM1_CC_IRQHandler
                0x0000000008005afc                BDMA_Channel6_IRQHandler
                0x0000000008005afc                DMA2_Stream5_IRQHandler
                0x0000000008005afc                HRTIM1_FLT_IRQHandler
                0x0000000008005afc                JPEG_IRQHandler
                0x0000000008005afc                DMA1_Stream5_IRQHandler
                0x0000000008005afc                BDMA_Channel1_IRQHandler
                0x0000000008005afc                HRTIM1_TIMD_IRQHandler
                0x0000000008005afc                TAMP_STAMP_IRQHandler
                0x0000000008005afc                EXTI3_IRQHandler
                0x0000000008005afc                LPTIM4_IRQHandler
                0x0000000008005afc                TIM8_TRG_COM_TIM14_IRQHandler
                0x0000000008005afc                LPTIM2_IRQHandler
                0x0000000008005afc                DFSDM1_FLT1_IRQHandler
                0x0000000008005afc                DMAMUX2_OVR_IRQHandler
                0x0000000008005afc                TIM8_UP_TIM13_IRQHandler
                0x0000000008005afc                I2C3_ER_IRQHandler
                0x0000000008005afc                DFSDM1_FLT2_IRQHandler
                0x0000000008005afc                MDMA_IRQHandler
                0x0000000008005afc                LPTIM3_IRQHandler
                0x0000000008005afc                HSEM1_IRQHandler
                0x0000000008005afc                EXTI0_IRQHandler
                0x0000000008005afc                I2C2_EV_IRQHandler
                0x0000000008005afc                DMA1_Stream2_IRQHandler
                0x0000000008005afc                FPU_IRQHandler
                0x0000000008005afc                OTG_HS_WKUP_IRQHandler
                0x0000000008005afc                FDCAN1_IT1_IRQHandler
                0x0000000008005afc                LTDC_ER_IRQHandler
                0x0000000008005afc                DMA2_Stream2_IRQHandler
                0x0000000008005afc                HRTIM1_TIME_IRQHandler
                0x0000000008005afc                SPI1_IRQHandler
                0x0000000008005afc                TIM6_DAC_IRQHandler
                0x0000000008005afc                DCMI_IRQHandler
                0x0000000008005afc                HRTIM1_TIMC_IRQHandler
                0x0000000008005afc                DMA2_Stream3_IRQHandler
                0x0000000008005afc                SAI2_IRQHandler
                0x0000000008005afc                DFSDM1_FLT3_IRQHandler
                0x0000000008005afc                USART6_IRQHandler
                0x0000000008005afc                TIM17_IRQHandler
                0x0000000008005afc                USART3_IRQHandler
                0x0000000008005afc                BDMA_Channel7_IRQHandler
                0x0000000008005afc                LPTIM5_IRQHandler
                0x0000000008005afc                UART5_IRQHandler
                0x0000000008005afc                ADC3_IRQHandler
                0x0000000008005afc                DMA2_Stream0_IRQHandler
                0x0000000008005afc                TIM4_IRQHandler
                0x0000000008005afc                BDMA_Channel2_IRQHandler
                0x0000000008005afc                QUADSPI_IRQHandler
                0x0000000008005afc                I2C1_EV_IRQHandler
                0x0000000008005afc                DMA1_Stream6_IRQHandler
                0x0000000008005afc                DMAMUX1_OVR_IRQHandler
                0x0000000008005afc                DMA1_Stream1_IRQHandler
                0x0000000008005afc                TIM16_IRQHandler
                0x0000000008005afc                UART4_IRQHandler
                0x0000000008005afc                BDMA_Channel5_IRQHandler
                0x0000000008005afc                TIM3_IRQHandler
                0x0000000008005afc                RCC_IRQHandler
                0x0000000008005afc                TIM8_BRK_TIM12_IRQHandler
                0x0000000008005afc                TIM1_TRG_COM_IRQHandler
                0x0000000008005afc                Default_Handler
                0x0000000008005afc                CEC_IRQHandler
                0x0000000008005afc                EXTI15_10_IRQHandler
                0x0000000008005afc                BDMA_Channel0_IRQHandler
                0x0000000008005afc                ADC_IRQHandler
                0x0000000008005afc                DMA1_Stream7_IRQHandler
                0x0000000008005afc                HRTIM1_TIMA_IRQHandler
                0x0000000008005afc                SPI5_IRQHandler
                0x0000000008005afc                TIM7_IRQHandler
                0x0000000008005afc                SDMMC1_IRQHandler
                0x0000000008005afc                TIM5_IRQHandler
                0x0000000008005afc                DMA2_Stream7_IRQHandler
                0x0000000008005afc                TIM15_IRQHandler
                0x0000000008005afc                PVD_AVD_IRQHandler
                0x0000000008005afc                I2C3_EV_IRQHandler
                0x0000000008005afc                EXTI9_5_IRQHandler
                0x0000000008005afc                RTC_WKUP_IRQHandler
                0x0000000008005afc                LTDC_IRQHandler
                0x0000000008005afc                SAI3_IRQHandler
                0x0000000008005afc                ETH_WKUP_IRQHandler
                0x0000000008005afc                SPDIF_RX_IRQHandler
                0x0000000008005afc                SPI2_IRQHandler
                0x0000000008005afc                OTG_HS_EP1_IN_IRQHandler
                0x0000000008005afc                DMA1_Stream0_IRQHandler
                0x0000000008005afc                CRS_IRQHandler
                0x0000000008005afc                EXTI4_IRQHandler
                0x0000000008005afc                RNG_IRQHandler
                0x0000000008005afc                HRTIM1_TIMB_IRQHandler
                0x0000000008005afc                FDCAN2_IT1_IRQHandler
                0x0000000008005afc                ETH_IRQHandler
                0x0000000008005afc                TIM1_UP_IRQHandler
                0x0000000008005afc                BDMA_Channel4_IRQHandler
                0x0000000008005afc                OTG_HS_EP1_OUT_IRQHandler
                0x0000000008005afc                WWDG_IRQHandler
                0x0000000008005afc                SPI6_IRQHandler
                0x0000000008005afc                MDIOS_IRQHandler
                0x0000000008005afc                I2C4_EV_IRQHandler
                0x0000000008005afc                FDCAN2_IT0_IRQHandler
                0x0000000008005afc                LPUART1_IRQHandler
                0x0000000008005afc                FDCAN1_IT0_IRQHandler
                0x0000000008005afc                TIM2_IRQHandler
                0x0000000008005afc                OTG_FS_WKUP_IRQHandler
                0x0000000008005afc                OTG_HS_IRQHandler
                0x0000000008005afc                DMA2D_IRQHandler
                0x0000000008005afc                TIM1_BRK_IRQHandler
                0x0000000008005afc                EXTI1_IRQHandler
                0x0000000008005afc                SDMMC2_IRQHandler
                0x0000000008005afc                OTG_FS_EP1_OUT_IRQHandler
                0x0000000008005afc                BDMA_Channel3_IRQHandler
                0x0000000008005afc                UART7_IRQHandler
                0x0000000008005afc                MDIOS_WKUP_IRQHandler
                0x0000000008005afc                USART2_IRQHandler
                0x0000000008005afc                DFSDM1_FLT0_IRQHandler
                0x0000000008005afc                SAI4_IRQHandler
                0x0000000008005afc                I2C2_ER_IRQHandler
                0x0000000008005afc                DMA2_Stream1_IRQHandler
                0x0000000008005afc                FLASH_IRQHandler
                0x0000000008005afc                DMA2_Stream4_IRQHandler
                0x0000000008005afc                USART1_IRQHandler
                0x0000000008005afc                OTG_FS_IRQHandler
                0x0000000008005afc                SPI3_IRQHandler
                0x0000000008005afc                WAKEUP_PIN_IRQHandler
                0x0000000008005afc                DMA1_Stream4_IRQHandler
                0x0000000008005afc                OTG_FS_EP1_IN_IRQHandler
                0x0000000008005afc                I2C1_ER_IRQHandler
                0x0000000008005afc                FMC_IRQHandler
                0x0000000008005afc                FDCAN_CAL_IRQHandler
                0x0000000008005afc                SWPMI1_IRQHandler
                0x0000000008005afc                COMP1_IRQHandler
                0x0000000008005afc                LPTIM1_IRQHandler
                0x0000000008005afc                I2C4_ER_IRQHandler
                0x0000000008005afc                DMA2_Stream6_IRQHandler
                0x0000000008005afc                SAI1_IRQHandler
                0x0000000008005afc                RTC_Alarm_IRQHandler
 *fill*         0x0000000008005afe        0x2 
 .text.__libc_init_array
                0x0000000008005b00       0x48 /usr/local/Cellar/arm-none-eabi-gcc/8-2018-q4-major/gcc/bin/../lib/gcc/arm-none-eabi/8.2.1/../../../../arm-none-eabi/lib/thumb/v7e-m/nofp/libg_nano.a(lib_a-init.o)
                0x0000000008005b00                __libc_init_array
 .text.memset   0x0000000008005b48       0x10 /usr/local/Cellar/arm-none-eabi-gcc/8-2018-q4-major/gcc/bin/../lib/gcc/arm-none-eabi/8.2.1/../../../../arm-none-eabi/lib/thumb/v7e-m/nofp/libg_nano.a(lib_a-memset.o)
                0x0000000008005b48                memset
 *(.glue_7)
 .glue_7        0x0000000008005b58        0x0 linker stubs
 *(.glue_7t)
 .glue_7t       0x0000000008005b58        0x0 linker stubs
 *(.eh_frame)
 .eh_frame      0x0000000008005b58        0x0 /usr/local/Cellar/arm-none-eabi-gcc/8-2018-q4-major/gcc/bin/../lib/gcc/arm-none-eabi/8.2.1/thumb/v7e-m/nofp/crtbegin.o
 *(.init)
 .init          0x0000000008005b58        0x4 /usr/local/Cellar/arm-none-eabi-gcc/8-2018-q4-major/gcc/bin/../lib/gcc/arm-none-eabi/8.2.1/thumb/v7e-m/nofp/crti.o
                0x0000000008005b58                _init
 .init          0x0000000008005b5c        0x8 /usr/local/Cellar/arm-none-eabi-gcc/8-2018-q4-major/gcc/bin/../lib/gcc/arm-none-eabi/8.2.1/thumb/v7e-m/nofp/crtn.o
 *(.fini)
 .fini          0x0000000008005b64        0x4 /usr/local/Cellar/arm-none-eabi-gcc/8-2018-q4-major/gcc/bin/../lib/gcc/arm-none-eabi/8.2.1/thumb/v7e-m/nofp/crti.o
                0x0000000008005b64                _fini
 .fini          0x0000000008005b68        0x8 /usr/local/Cellar/arm-none-eabi-gcc/8-2018-q4-major/gcc/bin/../lib/gcc/arm-none-eabi/8.2.1/thumb/v7e-m/nofp/crtn.o
                0x0000000008005b70                . = ALIGN (0x4)
                0x0000000008005b70                _etext = .

.vfp11_veneer   0x0000000008005b70        0x0
 .vfp11_veneer  0x0000000008005b70        0x0 linker stubs

.v4_bx          0x0000000008005b70        0x0
 .v4_bx         0x0000000008005b70        0x0 linker stubs

.iplt           0x0000000008005b70        0x0
 .iplt          0x0000000008005b70        0x0 /usr/local/Cellar/arm-none-eabi-gcc/8-2018-q4-major/gcc/bin/../lib/gcc/arm-none-eabi/8.2.1/thumb/v7e-m/nofp/crtbegin.o

.rodata         0x0000000008005b70       0x8c
                0x0000000008005b70                . = ALIGN (0x4)
 *(.rodata)
 .rodata        0x0000000008005b70       0x53 CMakeFiles/st_nucleo_h743zi.elf.dir/Src/main.c.obj
 *(.rodata*)
 *fill*         0x0000000008005bc3        0x1 
 .rodata.UARTPrescTable
                0x0000000008005bc4       0x18 CMakeFiles/st_nucleo_h743zi.elf.dir/Drivers/STM32H7xx_HAL_Driver/Src/stm32h7xx_hal_uart.c.obj
 .rodata.data   0x0000000008005bdc        0xd CMakeFiles/st_nucleo_h743zi.elf.dir/Src/main.c.obj
                0x0000000008005bdc                data
 *fill*         0x0000000008005be9        0x3 
 .rodata.D1CorePrescTable
                0x0000000008005bec       0x10 CMakeFiles/st_nucleo_h743zi.elf.dir/Src/system_stm32h7xx.c.obj
                0x0000000008005bec                D1CorePrescTable
                0x0000000008005bfc                . = ALIGN (0x4)

.ARM.extab
 *(.ARM.extab* .gnu.linkonce.armextab.*)

.ARM            0x0000000008005bfc        0x8
                0x0000000008005bfc                __exidx_start = .
 *(.ARM.exidx*)
 .ARM.exidx     0x0000000008005bfc        0x8 /usr/local/Cellar/arm-none-eabi-gcc/8-2018-q4-major/gcc/bin/../lib/gcc/arm-none-eabi/8.2.1/thumb/v7e-m/nofp/libgcc.a(_udivmoddi4.o)
                0x0000000008005c04                __exidx_end = .

.rel.dyn        0x0000000008005c04        0x0
 .rel.iplt      0x0000000008005c04        0x0 /usr/local/Cellar/arm-none-eabi-gcc/8-2018-q4-major/gcc/bin/../lib/gcc/arm-none-eabi/8.2.1/thumb/v7e-m/nofp/crtbegin.o

.preinit_array  0x0000000008005c04        0x0
                0x0000000008005c04                PROVIDE (__preinit_array_start = .)
 *(.preinit_array*)
                0x0000000008005c04                PROVIDE (__preinit_array_end = .)

.init_array     0x0000000008005c04        0x4
                0x0000000008005c04                PROVIDE (__init_array_start = .)
 *(SORT_BY_NAME(.init_array.*))
 *(.init_array*)
 .init_array    0x0000000008005c04        0x4 /usr/local/Cellar/arm-none-eabi-gcc/8-2018-q4-major/gcc/bin/../lib/gcc/arm-none-eabi/8.2.1/thumb/v7e-m/nofp/crtbegin.o
                0x0000000008005c08                PROVIDE (__init_array_end = .)

.fini_array     0x0000000008005c08        0x4
                [!provide]                        PROVIDE (__fini_array_start = .)
 *(SORT_BY_NAME(.fini_array.*))
 *(.fini_array*)
 .fini_array    0x0000000008005c08        0x4 /usr/local/Cellar/arm-none-eabi-gcc/8-2018-q4-major/gcc/bin/../lib/gcc/arm-none-eabi/8.2.1/thumb/v7e-m/nofp/crtbegin.o
                [!provide]                        PROVIDE (__fini_array_end = .)
                0x0000000008005c0c                _sidata = LOADADDR (.data)

.data           0x0000000020000000       0x10 load address 0x0000000008005c0c
                0x0000000020000000                . = ALIGN (0x4)
                0x0000000020000000                _sdata = .
 *(.data)
 *(.data*)
 .data.uwTickPrio
                0x0000000020000000        0x4 CMakeFiles/st_nucleo_h743zi.elf.dir/Drivers/STM32H7xx_HAL_Driver/Src/stm32h7xx_hal.c.obj
 .data.uwTickFreq
                0x0000000020000004        0x1 CMakeFiles/st_nucleo_h743zi.elf.dir/Drivers/STM32H7xx_HAL_Driver/Src/stm32h7xx_hal.c.obj
 *fill*         0x0000000020000005        0x3 
 .data.SystemCoreClock
                0x0000000020000008        0x4 CMakeFiles/st_nucleo_h743zi.elf.dir/Src/system_stm32h7xx.c.obj
                0x0000000020000008                SystemCoreClock
 .data.SystemD2Clock
                0x000000002000000c        0x4 CMakeFiles/st_nucleo_h743zi.elf.dir/Src/system_stm32h7xx.c.obj
                0x000000002000000c                SystemD2Clock
                0x0000000020000010                . = ALIGN (0x4)
                0x0000000020000010                _edata = .

.igot.plt       0x0000000020000010        0x0 load address 0x0000000008005c1c
 .igot.plt      0x0000000020000010        0x0 /usr/local/Cellar/arm-none-eabi-gcc/8-2018-q4-major/gcc/bin/../lib/gcc/arm-none-eabi/8.2.1/thumb/v7e-m/nofp/crtbegin.o

.RxDecripSection
                0x0000000020000010       0x60 load address 0x0000000008005c1c
 .RxDecripSection
                0x0000000020000010       0x60 CMakeFiles/st_nucleo_h743zi.elf.dir/Src/main.c.obj
                0x0000000020000010                DMARxDscrTab

.TxDecripSection
                0x0000000020000070       0x60 load address 0x0000000008005c7c
 .TxDecripSection
                0x0000000020000070       0x60 CMakeFiles/st_nucleo_h743zi.elf.dir/Src/main.c.obj
                0x0000000020000070                DMATxDscrTab
                0x00000000200000d0                . = ALIGN (0x4)

.bss            0x00000000200000d0      0x1bc load address 0x0000000008005cdc
                0x00000000200000d0                _sbss = .
                0x00000000200000d0                __bss_start__ = _sbss
 *(.bss)
 .bss           0x00000000200000d0       0x1c /usr/local/Cellar/arm-none-eabi-gcc/8-2018-q4-major/gcc/bin/../lib/gcc/arm-none-eabi/8.2.1/thumb/v7e-m/nofp/crtbegin.o
 *(.bss*)
 .bss.uwTick    0x00000000200000ec        0x4 CMakeFiles/st_nucleo_h743zi.elf.dir/Drivers/STM32H7xx_HAL_Driver/Src/stm32h7xx_hal.c.obj
 .bss.TxConfig  0x00000000200000f0       0x34 CMakeFiles/st_nucleo_h743zi.elf.dir/Src/main.c.obj
                0x00000000200000f0                TxConfig
 .bss.heth      0x0000000020000124       0x68 CMakeFiles/st_nucleo_h743zi.elf.dir/Src/main.c.obj
                0x0000000020000124                heth
 .bss.huart4    0x000000002000018c       0x80 CMakeFiles/st_nucleo_h743zi.elf.dir/Src/main.c.obj
                0x000000002000018c                huart4
 .bss.huart3    0x000000002000020c       0x80 CMakeFiles/st_nucleo_h743zi.elf.dir/Src/main.c.obj
                0x000000002000020c                huart3
 *(COMMON)
                0x000000002000028c                . = ALIGN (0x4)
                0x000000002000028c                _ebss = .
                0x000000002000028c                __bss_end__ = _ebss

._user_heap_stack
                0x000000002000028c      0x604 load address 0x0000000008005cdc
                0x0000000020000290                . = ALIGN (0x8)
 *fill*         0x000000002000028c        0x4 
                [!provide]                        PROVIDE (end = .)
                [!provide]                        PROVIDE (_end = .)
                0x0000000020000490                . = (. + _Min_Heap_Size)
 *fill*         0x0000000020000290      0x200 
                0x0000000020000890                . = (. + _Min_Stack_Size)
 *fill*         0x0000000020000490      0x400 
                0x0000000020000890                . = ALIGN (0x8)

/DISCARD/
 libc.a(*)
 libm.a(*)
 libgcc.a(*)

.ARM.attributes
                0x0000000000000000       0x2a
 *(.ARM.attributes)
 .ARM.attributes
                0x0000000000000000       0x1e /usr/local/Cellar/arm-none-eabi-gcc/8-2018-q4-major/gcc/bin/../lib/gcc/arm-none-eabi/8.2.1/thumb/v7e-m/nofp/crti.o
 .ARM.attributes
                0x000000000000001e       0x2e /usr/local/Cellar/arm-none-eabi-gcc/8-2018-q4-major/gcc/bin/../lib/gcc/arm-none-eabi/8.2.1/thumb/v7e-m/nofp/crtbegin.o
 .ARM.attributes
                0x000000000000004c       0x2e CMakeFiles/st_nucleo_h743zi.elf.dir/Drivers/STM32H7xx_HAL_Driver/Src/stm32h7xx_hal.c.obj
 .ARM.attributes
                0x000000000000007a       0x2e CMakeFiles/st_nucleo_h743zi.elf.dir/Drivers/STM32H7xx_HAL_Driver/Src/stm32h7xx_hal_cortex.c.obj
 .ARM.attributes
                0x00000000000000a8       0x2e CMakeFiles/st_nucleo_h743zi.elf.dir/Drivers/STM32H7xx_HAL_Driver/Src/stm32h7xx_hal_eth.c.obj
 .ARM.attributes
                0x00000000000000d6       0x2e CMakeFiles/st_nucleo_h743zi.elf.dir/Drivers/STM32H7xx_HAL_Driver/Src/stm32h7xx_hal_gpio.c.obj
 .ARM.attributes
                0x0000000000000104       0x2e CMakeFiles/st_nucleo_h743zi.elf.dir/Drivers/STM32H7xx_HAL_Driver/Src/stm32h7xx_hal_rcc.c.obj
 .ARM.attributes
                0x0000000000000132       0x2e CMakeFiles/st_nucleo_h743zi.elf.dir/Drivers/STM32H7xx_HAL_Driver/Src/stm32h7xx_hal_rcc_ex.c.obj
 .ARM.attributes
                0x0000000000000160       0x2e CMakeFiles/st_nucleo_h743zi.elf.dir/Drivers/STM32H7xx_HAL_Driver/Src/stm32h7xx_hal_uart.c.obj
 .ARM.attributes
                0x000000000000018e       0x2e CMakeFiles/st_nucleo_h743zi.elf.dir/Src/main.c.obj
 .ARM.attributes
                0x00000000000001bc       0x2e CMakeFiles/st_nucleo_h743zi.elf.dir/Src/stm32h7xx_hal_msp.c.obj
 .ARM.attributes
                0x00000000000001ea       0x2e CMakeFiles/st_nucleo_h743zi.elf.dir/Src/stm32h7xx_it.c.obj
 .ARM.attributes
                0x0000000000000218       0x2e CMakeFiles/st_nucleo_h743zi.elf.dir/Src/system_stm32h7xx.c.obj
 .ARM.attributes
                0x0000000000000246       0x21 CMakeFiles/st_nucleo_h743zi.elf.dir/startup/startup_stm32h743xx.s.obj
 .ARM.attributes
                0x0000000000000267       0x1e /usr/local/Cellar/arm-none-eabi-gcc/8-2018-q4-major/gcc/bin/../lib/gcc/arm-none-eabi/8.2.1/thumb/v7e-m/nofp/libgcc.a(_arm_addsubsf3.o)
 .ARM.attributes
                0x0000000000000285       0x1e /usr/local/Cellar/arm-none-eabi-gcc/8-2018-q4-major/gcc/bin/../lib/gcc/arm-none-eabi/8.2.1/thumb/v7e-m/nofp/libgcc.a(_arm_muldivsf3.o)
 .ARM.attributes
                0x00000000000002a3       0x1e /usr/local/Cellar/arm-none-eabi-gcc/8-2018-q4-major/gcc/bin/../lib/gcc/arm-none-eabi/8.2.1/thumb/v7e-m/nofp/libgcc.a(_arm_fixunssfsi.o)
 .ARM.attributes
                0x00000000000002c1       0x1e /usr/local/Cellar/arm-none-eabi-gcc/8-2018-q4-major/gcc/bin/../lib/gcc/arm-none-eabi/8.2.1/thumb/v7e-m/nofp/libgcc.a(_aeabi_uldivmod.o)
 .ARM.attributes
                0x00000000000002df       0x2e /usr/local/Cellar/arm-none-eabi-gcc/8-2018-q4-major/gcc/bin/../lib/gcc/arm-none-eabi/8.2.1/thumb/v7e-m/nofp/libgcc.a(_udivmoddi4.o)
 .ARM.attributes
                0x000000000000030d       0x1e /usr/local/Cellar/arm-none-eabi-gcc/8-2018-q4-major/gcc/bin/../lib/gcc/arm-none-eabi/8.2.1/thumb/v7e-m/nofp/libgcc.a(_dvmd_tls.o)
 .ARM.attributes
                0x000000000000032b       0x2e /usr/local/Cellar/arm-none-eabi-gcc/8-2018-q4-major/gcc/bin/../lib/gcc/arm-none-eabi/8.2.1/../../../../arm-none-eabi/lib/thumb/v7e-m/nofp/libg_nano.a(lib_a-init.o)
 .ARM.attributes
                0x0000000000000359       0x2e /usr/local/Cellar/arm-none-eabi-gcc/8-2018-q4-major/gcc/bin/../lib/gcc/arm-none-eabi/8.2.1/../../../../arm-none-eabi/lib/thumb/v7e-m/nofp/libg_nano.a(lib_a-memset.o)
 .ARM.attributes
                0x0000000000000387       0x1e /usr/local/Cellar/arm-none-eabi-gcc/8-2018-q4-major/gcc/bin/../lib/gcc/arm-none-eabi/8.2.1/thumb/v7e-m/nofp/crtn.o
OUTPUT(st_nucleo_h743zi.elf elf32-littlearm)

.debug_info     0x0000000000000000    0x14e84
 .debug_info    0x0000000000000000     0x1de9 CMakeFiles/st_nucleo_h743zi.elf.dir/Drivers/STM32H7xx_HAL_Driver/Src/stm32h7xx_hal.c.obj
 .debug_info    0x0000000000001de9     0x1a99 CMakeFiles/st_nucleo_h743zi.elf.dir/Drivers/STM32H7xx_HAL_Driver/Src/stm32h7xx_hal_cortex.c.obj
 .debug_info    0x0000000000003882     0x30e1 CMakeFiles/st_nucleo_h743zi.elf.dir/Drivers/STM32H7xx_HAL_Driver/Src/stm32h7xx_hal_eth.c.obj
 .debug_info    0x0000000000006963     0x15cd CMakeFiles/st_nucleo_h743zi.elf.dir/Drivers/STM32H7xx_HAL_Driver/Src/stm32h7xx_hal_gpio.c.obj
 .debug_info    0x0000000000007f30     0x1a69 CMakeFiles/st_nucleo_h743zi.elf.dir/Drivers/STM32H7xx_HAL_Driver/Src/stm32h7xx_hal_rcc.c.obj
 .debug_info    0x0000000000009999     0x1d5c CMakeFiles/st_nucleo_h743zi.elf.dir/Drivers/STM32H7xx_HAL_Driver/Src/stm32h7xx_hal_rcc_ex.c.obj
 .debug_info    0x000000000000b6f5     0x22f0 CMakeFiles/st_nucleo_h743zi.elf.dir/Drivers/STM32H7xx_HAL_Driver/Src/stm32h7xx_hal_uart.c.obj
 .debug_info    0x000000000000d9e5     0x2f86 CMakeFiles/st_nucleo_h743zi.elf.dir/Src/main.c.obj
 .debug_info    0x000000000001096b     0x27e1 CMakeFiles/st_nucleo_h743zi.elf.dir/Src/stm32h7xx_hal_msp.c.obj
 .debug_info    0x000000000001314c      0xa8d CMakeFiles/st_nucleo_h743zi.elf.dir/Src/stm32h7xx_it.c.obj
 .debug_info    0x0000000000013bd9     0x1289 CMakeFiles/st_nucleo_h743zi.elf.dir/Src/system_stm32h7xx.c.obj
 .debug_info    0x0000000000014e62       0x22 CMakeFiles/st_nucleo_h743zi.elf.dir/startup/startup_stm32h743xx.s.obj

.debug_abbrev   0x0000000000000000     0x2018
 .debug_abbrev  0x0000000000000000      0x36d CMakeFiles/st_nucleo_h743zi.elf.dir/Drivers/STM32H7xx_HAL_Driver/Src/stm32h7xx_hal.c.obj
 .debug_abbrev  0x000000000000036d      0x3dd CMakeFiles/st_nucleo_h743zi.elf.dir/Drivers/STM32H7xx_HAL_Driver/Src/stm32h7xx_hal_cortex.c.obj
 .debug_abbrev  0x000000000000074a      0x323 CMakeFiles/st_nucleo_h743zi.elf.dir/Drivers/STM32H7xx_HAL_Driver/Src/stm32h7xx_hal_eth.c.obj
 .debug_abbrev  0x0000000000000a6d      0x2b3 CMakeFiles/st_nucleo_h743zi.elf.dir/Drivers/STM32H7xx_HAL_Driver/Src/stm32h7xx_hal_gpio.c.obj
 .debug_abbrev  0x0000000000000d20      0x324 CMakeFiles/st_nucleo_h743zi.elf.dir/Drivers/STM32H7xx_HAL_Driver/Src/stm32h7xx_hal_rcc.c.obj
 .debug_abbrev  0x0000000000001044      0x341 CMakeFiles/st_nucleo_h743zi.elf.dir/Drivers/STM32H7xx_HAL_Driver/Src/stm32h7xx_hal_rcc_ex.c.obj
 .debug_abbrev  0x0000000000001385      0x312 CMakeFiles/st_nucleo_h743zi.elf.dir/Drivers/STM32H7xx_HAL_Driver/Src/stm32h7xx_hal_uart.c.obj
 .debug_abbrev  0x0000000000001697      0x2e8 CMakeFiles/st_nucleo_h743zi.elf.dir/Src/main.c.obj
 .debug_abbrev  0x000000000000197f      0x262 CMakeFiles/st_nucleo_h743zi.elf.dir/Src/stm32h7xx_hal_msp.c.obj
 .debug_abbrev  0x0000000000001be1      0x1c3 CMakeFiles/st_nucleo_h743zi.elf.dir/Src/stm32h7xx_it.c.obj
 .debug_abbrev  0x0000000000001da4      0x262 CMakeFiles/st_nucleo_h743zi.elf.dir/Src/system_stm32h7xx.c.obj
 .debug_abbrev  0x0000000000002006       0x12 CMakeFiles/st_nucleo_h743zi.elf.dir/startup/startup_stm32h743xx.s.obj

.debug_aranges  0x0000000000000000      0x950
 .debug_aranges
                0x0000000000000000      0x1a0 CMakeFiles/st_nucleo_h743zi.elf.dir/Drivers/STM32H7xx_HAL_Driver/Src/stm32h7xx_hal.c.obj
 .debug_aranges
                0x00000000000001a0      0x120 CMakeFiles/st_nucleo_h743zi.elf.dir/Drivers/STM32H7xx_HAL_Driver/Src/stm32h7xx_hal_cortex.c.obj
 .debug_aranges
                0x00000000000002c0      0x1b0 CMakeFiles/st_nucleo_h743zi.elf.dir/Drivers/STM32H7xx_HAL_Driver/Src/stm32h7xx_hal_eth.c.obj
 .debug_aranges
                0x0000000000000470       0x58 CMakeFiles/st_nucleo_h743zi.elf.dir/Drivers/STM32H7xx_HAL_Driver/Src/stm32h7xx_hal_gpio.c.obj
 .debug_aranges
                0x00000000000004c8       0x80 CMakeFiles/st_nucleo_h743zi.elf.dir/Drivers/STM32H7xx_HAL_Driver/Src/stm32h7xx_hal_rcc.c.obj
 .debug_aranges
                0x0000000000000548       0xe0 CMakeFiles/st_nucleo_h743zi.elf.dir/Drivers/STM32H7xx_HAL_Driver/Src/stm32h7xx_hal_rcc_ex.c.obj
 .debug_aranges
                0x0000000000000628      0x1e8 CMakeFiles/st_nucleo_h743zi.elf.dir/Drivers/STM32H7xx_HAL_Driver/Src/stm32h7xx_hal_uart.c.obj
 .debug_aranges
                0x0000000000000810       0x50 CMakeFiles/st_nucleo_h743zi.elf.dir/Src/main.c.obj
 .debug_aranges
                0x0000000000000860       0x40 CMakeFiles/st_nucleo_h743zi.elf.dir/Src/stm32h7xx_hal_msp.c.obj
 .debug_aranges
                0x00000000000008a0       0x60 CMakeFiles/st_nucleo_h743zi.elf.dir/Src/stm32h7xx_it.c.obj
 .debug_aranges
                0x0000000000000900       0x28 CMakeFiles/st_nucleo_h743zi.elf.dir/Src/system_stm32h7xx.c.obj
 .debug_aranges
                0x0000000000000928       0x28 CMakeFiles/st_nucleo_h743zi.elf.dir/startup/startup_stm32h743xx.s.obj

.debug_ranges   0x0000000000000000      0x898
 .debug_ranges  0x0000000000000000      0x190 CMakeFiles/st_nucleo_h743zi.elf.dir/Drivers/STM32H7xx_HAL_Driver/Src/stm32h7xx_hal.c.obj
 .debug_ranges  0x0000000000000190      0x110 CMakeFiles/st_nucleo_h743zi.elf.dir/Drivers/STM32H7xx_HAL_Driver/Src/stm32h7xx_hal_cortex.c.obj
 .debug_ranges  0x00000000000002a0      0x1a0 CMakeFiles/st_nucleo_h743zi.elf.dir/Drivers/STM32H7xx_HAL_Driver/Src/stm32h7xx_hal_eth.c.obj
 .debug_ranges  0x0000000000000440       0x48 CMakeFiles/st_nucleo_h743zi.elf.dir/Drivers/STM32H7xx_HAL_Driver/Src/stm32h7xx_hal_gpio.c.obj
 .debug_ranges  0x0000000000000488       0x70 CMakeFiles/st_nucleo_h743zi.elf.dir/Drivers/STM32H7xx_HAL_Driver/Src/stm32h7xx_hal_rcc.c.obj
 .debug_ranges  0x00000000000004f8       0xd0 CMakeFiles/st_nucleo_h743zi.elf.dir/Drivers/STM32H7xx_HAL_Driver/Src/stm32h7xx_hal_rcc_ex.c.obj
 .debug_ranges  0x00000000000005c8      0x1d8 CMakeFiles/st_nucleo_h743zi.elf.dir/Drivers/STM32H7xx_HAL_Driver/Src/stm32h7xx_hal_uart.c.obj
 .debug_ranges  0x00000000000007a0       0x40 CMakeFiles/st_nucleo_h743zi.elf.dir/Src/main.c.obj
 .debug_ranges  0x00000000000007e0       0x30 CMakeFiles/st_nucleo_h743zi.elf.dir/Src/stm32h7xx_hal_msp.c.obj
 .debug_ranges  0x0000000000000810       0x50 CMakeFiles/st_nucleo_h743zi.elf.dir/Src/stm32h7xx_it.c.obj
 .debug_ranges  0x0000000000000860       0x18 CMakeFiles/st_nucleo_h743zi.elf.dir/Src/system_stm32h7xx.c.obj
 .debug_ranges  0x0000000000000878       0x20 CMakeFiles/st_nucleo_h743zi.elf.dir/startup/startup_stm32h743xx.s.obj

.debug_line     0x0000000000000000     0x82aa
 .debug_line    0x0000000000000000      0x95b CMakeFiles/st_nucleo_h743zi.elf.dir/Drivers/STM32H7xx_HAL_Driver/Src/stm32h7xx_hal.c.obj
 .debug_line    0x000000000000095b      0x953 CMakeFiles/st_nucleo_h743zi.elf.dir/Drivers/STM32H7xx_HAL_Driver/Src/stm32h7xx_hal_cortex.c.obj
 .debug_line    0x00000000000012ae     0x175a CMakeFiles/st_nucleo_h743zi.elf.dir/Drivers/STM32H7xx_HAL_Driver/Src/stm32h7xx_hal_eth.c.obj
 .debug_line    0x0000000000002a08      0x82b CMakeFiles/st_nucleo_h743zi.elf.dir/Drivers/STM32H7xx_HAL_Driver/Src/stm32h7xx_hal_gpio.c.obj
 .debug_line    0x0000000000003233      0xdfa CMakeFiles/st_nucleo_h743zi.elf.dir/Drivers/STM32H7xx_HAL_Driver/Src/stm32h7xx_hal_rcc.c.obj
 .debug_line    0x000000000000402d     0x150c CMakeFiles/st_nucleo_h743zi.elf.dir/Drivers/STM32H7xx_HAL_Driver/Src/stm32h7xx_hal_rcc_ex.c.obj
 .debug_line    0x0000000000005539     0x18f5 CMakeFiles/st_nucleo_h743zi.elf.dir/Drivers/STM32H7xx_HAL_Driver/Src/stm32h7xx_hal_uart.c.obj
 .debug_line    0x0000000000006e2e      0x5cc CMakeFiles/st_nucleo_h743zi.elf.dir/Src/main.c.obj
 .debug_line    0x00000000000073fa      0x4d1 CMakeFiles/st_nucleo_h743zi.elf.dir/Src/stm32h7xx_hal_msp.c.obj
 .debug_line    0x00000000000078cb      0x40a CMakeFiles/st_nucleo_h743zi.elf.dir/Src/stm32h7xx_it.c.obj
 .debug_line    0x0000000000007cd5      0x511 CMakeFiles/st_nucleo_h743zi.elf.dir/Src/system_stm32h7xx.c.obj
 .debug_line    0x00000000000081e6       0xc4 CMakeFiles/st_nucleo_h743zi.elf.dir/startup/startup_stm32h743xx.s.obj

.debug_str      0x0000000000000000     0x51fa
 .debug_str     0x0000000000000000     0x1874 CMakeFiles/st_nucleo_h743zi.elf.dir/Drivers/STM32H7xx_HAL_Driver/Src/stm32h7xx_hal.c.obj
                                       0x1969 (size before relaxing)
 .debug_str     0x0000000000001874      0x5d3 CMakeFiles/st_nucleo_h743zi.elf.dir/Drivers/STM32H7xx_HAL_Driver/Src/stm32h7xx_hal_cortex.c.obj
                                       0x1539 (size before relaxing)
 .debug_str     0x0000000000001e47     0x1457 CMakeFiles/st_nucleo_h743zi.elf.dir/Drivers/STM32H7xx_HAL_Driver/Src/stm32h7xx_hal_eth.c.obj
                                       0x1e76 (size before relaxing)
 .debug_str     0x000000000000329e      0x1cd CMakeFiles/st_nucleo_h743zi.elf.dir/Drivers/STM32H7xx_HAL_Driver/Src/stm32h7xx_hal_gpio.c.obj
                                        0xbe4 (size before relaxing)
 .debug_str     0x000000000000346b      0x4da CMakeFiles/st_nucleo_h743zi.elf.dir/Drivers/STM32H7xx_HAL_Driver/Src/stm32h7xx_hal_rcc.c.obj
                                        0xe47 (size before relaxing)
 .debug_str     0x0000000000003945      0x90e CMakeFiles/st_nucleo_h743zi.elf.dir/Drivers/STM32H7xx_HAL_Driver/Src/stm32h7xx_hal_rcc_ex.c.obj
                                       0x128a (size before relaxing)
 .debug_str     0x0000000000004253      0xc69 CMakeFiles/st_nucleo_h743zi.elf.dir/Drivers/STM32H7xx_HAL_Driver/Src/stm32h7xx_hal_uart.c.obj
                                       0x16e7 (size before relaxing)
 .debug_str     0x0000000000004ebc       0xfe CMakeFiles/st_nucleo_h743zi.elf.dir/Src/main.c.obj
                                       0x25ba (size before relaxing)
 .debug_str     0x0000000000004fba       0x60 CMakeFiles/st_nucleo_h743zi.elf.dir/Src/stm32h7xx_hal_msp.c.obj
                                       0x1f64 (size before relaxing)
 .debug_str     0x000000000000501a       0xeb CMakeFiles/st_nucleo_h743zi.elf.dir/Src/stm32h7xx_it.c.obj
                                        0x75d (size before relaxing)
 .debug_str     0x0000000000005105       0x80 CMakeFiles/st_nucleo_h743zi.elf.dir/Src/system_stm32h7xx.c.obj
                                        0xa6b (size before relaxing)
 .debug_str     0x0000000000005185       0x75 CMakeFiles/st_nucleo_h743zi.elf.dir/startup/startup_stm32h743xx.s.obj
                                         0xcf (size before relaxing)

.comment        0x0000000000000000       0x75
 .comment       0x0000000000000000       0x75 CMakeFiles/st_nucleo_h743zi.elf.dir/Drivers/STM32H7xx_HAL_Driver/Src/stm32h7xx_hal.c.obj
                                         0x76 (size before relaxing)
 .comment       0x0000000000000075       0x76 CMakeFiles/st_nucleo_h743zi.elf.dir/Drivers/STM32H7xx_HAL_Driver/Src/stm32h7xx_hal_cortex.c.obj
 .comment       0x0000000000000075       0x76 CMakeFiles/st_nucleo_h743zi.elf.dir/Drivers/STM32H7xx_HAL_Driver/Src/stm32h7xx_hal_eth.c.obj
 .comment       0x0000000000000075       0x76 CMakeFiles/st_nucleo_h743zi.elf.dir/Drivers/STM32H7xx_HAL_Driver/Src/stm32h7xx_hal_gpio.c.obj
 .comment       0x0000000000000075       0x76 CMakeFiles/st_nucleo_h743zi.elf.dir/Drivers/STM32H7xx_HAL_Driver/Src/stm32h7xx_hal_rcc.c.obj
 .comment       0x0000000000000075       0x76 CMakeFiles/st_nucleo_h743zi.elf.dir/Drivers/STM32H7xx_HAL_Driver/Src/stm32h7xx_hal_rcc_ex.c.obj
 .comment       0x0000000000000075       0x76 CMakeFiles/st_nucleo_h743zi.elf.dir/Drivers/STM32H7xx_HAL_Driver/Src/stm32h7xx_hal_uart.c.obj
 .comment       0x0000000000000075       0x76 CMakeFiles/st_nucleo_h743zi.elf.dir/Src/main.c.obj
 .comment       0x0000000000000075       0x76 CMakeFiles/st_nucleo_h743zi.elf.dir/Src/stm32h7xx_hal_msp.c.obj
 .comment       0x0000000000000075       0x76 CMakeFiles/st_nucleo_h743zi.elf.dir/Src/stm32h7xx_it.c.obj
 .comment       0x0000000000000075       0x76 CMakeFiles/st_nucleo_h743zi.elf.dir/Src/system_stm32h7xx.c.obj

.debug_frame    0x0000000000000000     0x2748
 .debug_frame   0x0000000000000000      0x6a8 CMakeFiles/st_nucleo_h743zi.elf.dir/Drivers/STM32H7xx_HAL_Driver/Src/stm32h7xx_hal.c.obj
 .debug_frame   0x00000000000006a8      0x4b8 CMakeFiles/st_nucleo_h743zi.elf.dir/Drivers/STM32H7xx_HAL_Driver/Src/stm32h7xx_hal_cortex.c.obj
 .debug_frame   0x0000000000000b60      0x7d0 CMakeFiles/st_nucleo_h743zi.elf.dir/Drivers/STM32H7xx_HAL_Driver/Src/stm32h7xx_hal_eth.c.obj
 .debug_frame   0x0000000000001330      0x14c CMakeFiles/st_nucleo_h743zi.elf.dir/Drivers/STM32H7xx_HAL_Driver/Src/stm32h7xx_hal_gpio.c.obj
 .debug_frame   0x000000000000147c      0x1e8 CMakeFiles/st_nucleo_h743zi.elf.dir/Drivers/STM32H7xx_HAL_Driver/Src/stm32h7xx_hal_rcc.c.obj
 .debug_frame   0x0000000000001664      0x3b8 CMakeFiles/st_nucleo_h743zi.elf.dir/Drivers/STM32H7xx_HAL_Driver/Src/stm32h7xx_hal_rcc_ex.c.obj
 .debug_frame   0x0000000000001a1c      0x8bc CMakeFiles/st_nucleo_h743zi.elf.dir/Drivers/STM32H7xx_HAL_Driver/Src/stm32h7xx_hal_uart.c.obj
 .debug_frame   0x00000000000022d8       0xf0 CMakeFiles/st_nucleo_h743zi.elf.dir/Src/main.c.obj
 .debug_frame   0x00000000000023c8       0xc4 CMakeFiles/st_nucleo_h743zi.elf.dir/Src/stm32h7xx_hal_msp.c.obj
 .debug_frame   0x000000000000248c      0x10c CMakeFiles/st_nucleo_h743zi.elf.dir/Src/stm32h7xx_it.c.obj
 .debug_frame   0x0000000000002598       0x5c CMakeFiles/st_nucleo_h743zi.elf.dir/Src/system_stm32h7xx.c.obj
 .debug_frame   0x00000000000025f4       0x4c /usr/local/Cellar/arm-none-eabi-gcc/8-2018-q4-major/gcc/bin/../lib/gcc/arm-none-eabi/8.2.1/thumb/v7e-m/nofp/libgcc.a(_arm_addsubsf3.o)
 .debug_frame   0x0000000000002640       0x38 /usr/local/Cellar/arm-none-eabi-gcc/8-2018-q4-major/gcc/bin/../lib/gcc/arm-none-eabi/8.2.1/thumb/v7e-m/nofp/libgcc.a(_arm_muldivsf3.o)
 .debug_frame   0x0000000000002678       0x24 /usr/local/Cellar/arm-none-eabi-gcc/8-2018-q4-major/gcc/bin/../lib/gcc/arm-none-eabi/8.2.1/thumb/v7e-m/nofp/libgcc.a(_arm_fixunssfsi.o)
 .debug_frame   0x000000000000269c       0x2c /usr/local/Cellar/arm-none-eabi-gcc/8-2018-q4-major/gcc/bin/../lib/gcc/arm-none-eabi/8.2.1/thumb/v7e-m/nofp/libgcc.a(_aeabi_uldivmod.o)
 .debug_frame   0x00000000000026c8       0x34 /usr/local/Cellar/arm-none-eabi-gcc/8-2018-q4-major/gcc/bin/../lib/gcc/arm-none-eabi/8.2.1/thumb/v7e-m/nofp/libgcc.a(_udivmoddi4.o)
 .debug_frame   0x00000000000026fc       0x2c /usr/local/Cellar/arm-none-eabi-gcc/8-2018-q4-major/gcc/bin/../lib/gcc/arm-none-eabi/8.2.1/../../../../arm-none-eabi/lib/thumb/v7e-m/nofp/libg_nano.a(lib_a-init.o)
 .debug_frame   0x0000000000002728       0x20 /usr/local/Cellar/arm-none-eabi-gcc/8-2018-q4-major/gcc/bin/../lib/gcc/arm-none-eabi/8.2.1/../../../../arm-none-eabi/lib/thumb/v7e-m/nofp/libg_nano.a(lib_a-memset.o)
